// Jest Snapshot v1, https://goo.gl/fbAQLP

exports[`Modal render Modal 1`] = `
<div
  className="modal"
>
  <div
    className="modal-header"
  />
  <div
    className="modal-body"
  />
</div>
`;
