// Jest Snapshot v1, https://goo.gl/fbAQLP

exports[`Label render Label 1`] = `<label />`;
