// Jest Snapshot v1, https://goo.gl/fbAQLP

exports[`Input render Input 1`] = `<input />`;
