// Jest Snapshot v1, https://goo.gl/fbAQLP

exports[`Link render Link 1`] = `<a />`;
