// Jest Snapshot v1, https://goo.gl/fbAQLP

exports[`Logo render Logo 1`] = `
<img
  className="logo"
/>
`;
